08-28 02:54:47.065 20480 20513 I TestRunner: started: grid_list_content_on_first_page(com.example.dogglers.GridListTests)
08-28 02:54:47.070 20480 20513 W Settings: Setting always_finish_activities has moved from android.provider.Settings.System to android.provider.Settings.Global, returning read-only value.
08-28 02:54:47.091  2044  2962 W InputReader: Device has associated, but no associated display id.
08-28 02:54:47.092  2044  2962 I chatty  : uid=1000(system) Binder:2044_D identical 21 lines
08-28 02:54:47.092  2044  2962 W InputReader: Device has associated, but no associated display id.
08-28 02:54:47.092 20480 20480 W ActivityThread: handleWindowVisibility: no activity for token android.os.BinderProxy@7e9ef48
08-28 02:54:47.092  2044  2962 W InputReader: Device has associated, but no associated display id.
08-28 02:54:47.097  2044  2962 I chatty  : uid=1000(system) Binder:2044_D identical 15 lines
08-28 02:54:47.097  2044  2962 W InputReader: Device has associated, but no associated display id.
08-28 02:54:47.110 20480 20480 D LifecycleMonitor: Lifecycle status change: androidx.test.core.app.InstrumentationActivityInvoker$BootstrapActivity@f3301e1 in: PRE_ON_CREATE
08-28 02:54:47.110 20480 20480 V ActivityScenario: Activity lifecycle changed event received but ignored because the intent does not match. startActivityIntent=Intent { act=android.intent.action.MAIN cat=[android.intent.category.LAUNCHER] cmp=com.example.dogglers/.GridListActivity }, activity.getIntent()=Intent { act=android.intent.action.MAIN cat=[android.intent.category.LAUNCHER] flg=0x10008000 cmp=com.example.dogglers/androidx.test.core.app.InstrumentationActivityInvoker$BootstrapActivity (has extras) }, activity=androidx.test.core.app.InstrumentationActivityInvoker$BootstrapActivity@f3301e1
08-28 02:54:47.117 20480 20480 D LifecycleMonitor: Lifecycle status change: androidx.test.core.app.InstrumentationActivityInvoker$BootstrapActivity@f3301e1 in: CREATED
08-28 02:54:47.117 20480 20480 V ActivityScenario: Activity lifecycle changed event received but ignored because the intent does not match. startActivityIntent=Intent { act=android.intent.action.MAIN cat=[android.intent.category.LAUNCHER] cmp=com.example.dogglers/.GridListActivity }, activity.getIntent()=Intent { act=android.intent.action.MAIN cat=[android.intent.category.LAUNCHER] flg=0x10008000 cmp=com.example.dogglers/androidx.test.core.app.InstrumentationActivityInvoker$BootstrapActivity (has extras) }, activity=androidx.test.core.app.InstrumentationActivityInvoker$BootstrapActivity@f3301e1
08-28 02:54:47.119 20480 20480 D LifecycleMonitor: Lifecycle status change: androidx.test.core.app.InstrumentationActivityInvoker$BootstrapActivity@f3301e1 in: STARTED
08-28 02:54:47.119 20480 20480 V ActivityScenario: Activity lifecycle changed event received but ignored because the intent does not match. startActivityIntent=Intent { act=android.intent.action.MAIN cat=[android.intent.category.LAUNCHER] cmp=com.example.dogglers/.GridListActivity }, activity.getIntent()=Intent { act=android.intent.action.MAIN cat=[android.intent.category.LAUNCHER] flg=0x10008000 cmp=com.example.dogglers/androidx.test.core.app.InstrumentationActivityInvoker$BootstrapActivity (has extras) }, activity=androidx.test.core.app.InstrumentationActivityInvoker$BootstrapActivity@f3301e1
08-28 02:54:47.120  1810  9329 D gralloc_ranchu: gralloc_alloc: Creating ashmem region of size 8298496
08-28 02:54:47.125 20480 20480 D LifecycleMonitor: Lifecycle status change: androidx.test.core.app.InstrumentationActivityInvoker$BootstrapActivity@f3301e1 in: RESUMED
08-28 02:54:47.125 20480 20480 V ActivityScenario: Activity lifecycle changed event received but ignored because the intent does not match. startActivityIntent=Intent { act=android.intent.action.MAIN cat=[android.intent.category.LAUNCHER] cmp=com.example.dogglers/.GridListActivity }, activity.getIntent()=Intent { act=android.intent.action.MAIN cat=[android.intent.category.LAUNCHER] flg=0x10008000 cmp=com.example.dogglers/androidx.test.core.app.InstrumentationActivityInvoker$BootstrapActivity (has extras) }, activity=androidx.test.core.app.InstrumentationActivityInvoker$BootstrapActivity@f3301e1
08-28 02:54:47.130 20480 20480 D LifecycleMonitor: Lifecycle status change: androidx.test.core.app.InstrumentationActivityInvoker$BootstrapActivity@f3301e1 in: PAUSED
08-28 02:54:47.131 20480 20480 V ActivityScenario: Activity lifecycle changed event received but ignored because the intent does not match. startActivityIntent=Intent { act=android.intent.action.MAIN cat=[android.intent.category.LAUNCHER] cmp=com.example.dogglers/.GridListActivity }, activity.getIntent()=Intent { act=android.intent.action.MAIN cat=[android.intent.category.LAUNCHER] flg=0x10008000 cmp=com.example.dogglers/androidx.test.core.app.InstrumentationActivityInvoker$BootstrapActivity (has extras) }, activity=androidx.test.core.app.InstrumentationActivityInvoker$BootstrapActivity@f3301e1
08-28 02:54:47.132  2044  2962 W InputReader: Device has associated, but no associated display id.
08-28 02:54:47.140  2044  2962 I chatty  : uid=1000(system) Binder:2044_D identical 48 lines
08-28 02:54:47.140  2044  2962 W InputReader: Device has associated, but no associated display id.
08-28 02:54:47.145 20480 20480 W ActivityThread: handleWindowVisibility: no activity for token android.os.BinderProxy@14b35c7
08-28 02:54:47.153 20480 20480 D LifecycleMonitor: Lifecycle status change: com.example.dogglers.GridListActivity@bb6763 in: PRE_ON_CREATE
08-28 02:54:47.153 20480 20480 V ActivityScenario: Activity lifecycle changed event received but ignored because the reported transition was not ON_CREATE while the last known transition was PRE_ON_CREATE
08-28 02:54:47.166  2044  2068 W InputReader: Device has associated, but no associated display id.
08-28 02:54:47.166  2044  2068 I chatty  : uid=1000(system) android.anim identical 8 lines
08-28 02:54:47.166  2044  2068 W InputReader: Device has associated, but no associated display id.
08-28 02:54:47.177 16506 17157 D EGL_emulation: eglMakeCurrent: 0xe151a120: ver 2 0 (tinfo 0xe150f1f0)
08-28 02:54:47.182  2727  3333 D EGL_emulation: eglMakeCurrent: 0xe151a960: ver 2 0 (tinfo 0xe150fc20)
08-28 02:54:47.193  2044  9861 D HostConnection: HostConnection::get() New Host Connection established 0xe153e580, tid 9861
08-28 02:54:47.199 20480 20480 D LifecycleMonitor: Lifecycle status change: com.example.dogglers.GridListActivity@bb6763 in: CREATED
08-28 02:54:47.199 20480 20480 V ActivityScenario: Update currentActivityStage to CREATED, currentActivity=com.example.dogglers.GridListActivity@bb6763
08-28 02:54:47.203 20480 20480 D LifecycleMonitor: Lifecycle status change: com.example.dogglers.GridListActivity@bb6763 in: STARTED
08-28 02:54:47.203 20480 20480 V ActivityScenario: Update currentActivityStage to STARTED, currentActivity=com.example.dogglers.GridListActivity@bb6763
08-28 02:54:47.204  2234  2490 D EGL_emulation: eglMakeCurrent: 0xe95a2080: ver 2 0 (tinfo 0xc7dd27b0)
08-28 02:54:47.204 20480 20480 D LifecycleMonitor: Lifecycle status change: com.example.dogglers.GridListActivity@bb6763 in: RESUMED
08-28 02:54:47.205 20480 20480 V ActivityScenario: Update currentActivityStage to RESUMED, currentActivity=com.example.dogglers.GridListActivity@bb6763
08-28 02:54:47.208 16506 16552 I MicroDetectionState: (REDACTED) Should stop hotword detection immediately - %b
08-28 02:54:47.209 16506 16552 I A       : getLocaleToModelSpecsMap
08-28 02:54:47.209 16506 16552 I A       : Using proto config with mendel
08-28 02:54:47.209 16506 16552 I A       : getLocaleToModelSpecsMap
08-28 02:54:47.210 16506 16552 I A       : Using proto config with mendel
08-28 02:54:47.225  2234  2490 D EGL_emulation: eglMakeCurrent: 0xe95a2080: ver 2 0 (tinfo 0xc7dd27b0)
08-28 02:54:47.231  1810  9329 D gralloc_ranchu: gralloc_alloc: Creating ashmem region of size 8298496
08-28 02:54:47.244  1810  9329 D gralloc_ranchu: gralloc_alloc: Creating ashmem region of size 8298496
08-28 02:54:47.245  2234  2490 D EGL_emulation: eglMakeCurrent: 0xe95a2080: ver 2 0 (tinfo 0xc7dd27b0)
08-28 02:54:47.250  1810  9329 D gralloc_ranchu: gralloc_alloc: Creating ashmem region of size 8298496
08-28 02:54:47.251  2044  9861 D HostConnection: HostComposition ext ANDROID_EMU_CHECKSUM_HELPER_v1 ANDROID_EMU_dma_v1 ANDROID_EMU_direct_mem ANDROID_EMU_host_composition_v1 ANDROID_EMU_host_composition_v2 ANDROID_EMU_vulkan ANDROID_EMU_deferred_vulkan_commands ANDROID_EMU_vulkan_null_optional_strings ANDROID_EMU_vulkan_create_resources_with_requirements ANDROID_EMU_YUV420_888_to_NV21 ANDROID_EMU_YUV_Cache ANDROID_EMU_vulkan_free_memory_sync ANDROID_EMU_vulkan_shader_float16_int8 ANDROID_EMU_vulkan_async_queue_submit ANDROID_EMU_sync_buffer_data GL_OES_vertex_array_object GL_KHR_texture_compression_astc_ldr ANDROID_EMU_host_side_tracing ANDROID_EMU_gles_max_version_2
08-28 02:54:47.256  2044  9861 W OpenGLRenderer: Failed to choose config with EGL_SWAP_BEHAVIOR_PRESERVED, retrying without...
08-28 02:54:47.256  2234  2490 D EGL_emulation: eglMakeCurrent: 0xe95a2080: ver 2 0 (tinfo 0xc7dd27b0)
08-28 02:54:47.267  2044  9861 D eglCodecCommon: setVertexArrayObject: set vao to 0 (0) 0 0
08-28 02:54:47.267  2044  9861 D EGL_emulation: eglCreateContext: 0xb92357c0: maj 2 min 0 rcv 2
08-28 02:54:47.305  2044  9861 D EGL_emulation: eglMakeCurrent: 0xb92357c0: ver 2 0 (tinfo 0xc4bb7cb0)
08-28 02:54:47.309  2234  2490 D EGL_emulation: eglMakeCurrent: 0xe95a2080: ver 2 0 (tinfo 0xc7dd27b0)
08-28 02:54:47.315  2234  2490 D EGL_emulation: eglMakeCurrent: 0xe95a2080: ver 2 0 (tinfo 0xc7dd27b0)
08-28 02:54:47.325  2044  9861 D eglCodecCommon: setVertexArrayObject: set vao to 0 (0) 1 0
08-28 02:54:47.331  2234  2490 D EGL_emulation: eglMakeCurrent: 0xe95a2080: ver 2 0 (tinfo 0xc7dd27b0)
08-28 02:54:47.337  2234  2490 D EGL_emulation: eglMakeCurrent: 0xe95a2080: ver 2 0 (tinfo 0xc7dd27b0)
08-28 02:54:47.363 20480 20515 D EGL_emulation: eglMakeCurrent: 0xf4753440: ver 2 0 (tinfo 0xe95e6330)
08-28 02:54:47.390  2044  2073 I ActivityTaskManager: Displayed com.example.dogglers/.GridListActivity: +302ms
08-28 02:54:47.391  1809  2432 E GnssHAL_GnssInterface: gnssSvStatusCb: a: input svInfo.flags is 8
08-28 02:54:47.391  1809  2432 E GnssHAL_GnssInterface: gnssSvStatusCb: b: input svInfo.flags is 8
08-28 02:54:47.399 20480 20480 I ViewInteraction: Checking 'MatchesViewAssertion{viewMatcher=(view has effective visibility <VISIBLE> and view.getGlobalVisibleRect() to return non-empty rectangle)}' assertion on view an instance of android.widget.TextView and view.getText() with or without transformation to match: is "Nox"
08-28 02:54:47.407 20480 20480 D LifecycleMonitor: Lifecycle status change: androidx.test.core.app.InstrumentationActivityInvoker$BootstrapActivity@f3301e1 in: STOPPED
08-28 02:54:47.413 20480 20480 V ActivityScenario: Activity lifecycle changed event received but ignored because the intent does not match. startActivityIntent=Intent { act=android.intent.action.MAIN cat=[android.intent.category.LAUNCHER] cmp=com.example.dogglers/.GridListActivity }, activity.getIntent()=Intent { act=android.intent.action.MAIN cat=[android.intent.category.LAUNCHER] flg=0x10008000 cmp=com.example.dogglers/androidx.test.core.app.InstrumentationActivityInvoker$BootstrapActivity (has extras) }, activity=androidx.test.core.app.InstrumentationActivityInvoker$BootstrapActivity@f3301e1
08-28 02:54:47.425 16506 20341 I PBSessionCacheImpl: (REDACTED) Deleted sessionId[%d] from persistence.
08-28 02:54:47.435 20480 20480 D LifecycleMonitor: Lifecycle status change: com.example.dogglers.GridListActivity@bb6763 in: PAUSED
08-28 02:54:47.435 20480 20480 V ActivityScenario: Update currentActivityStage to PAUSED, currentActivity=com.example.dogglers.GridListActivity@bb6763
08-28 02:54:47.437  2044  2723 W InputReader: Device has associated, but no associated display id.
08-28 02:54:47.441  2044  2723 I chatty  : uid=1000(system) Binder:2044_9 identical 48 lines
08-28 02:54:47.441  2044  2723 W InputReader: Device has associated, but no associated display id.
08-28 02:54:47.453 20480 20480 W ActivityThread: handleWindowVisibility: no activity for token android.os.BinderProxy@1f3e229
08-28 02:54:47.456 16506 16552 I A       : getLocaleToModelSpecsMap
08-28 02:54:47.456 16506 16552 I A       : Using proto config with mendel
08-28 02:54:47.458 16506 16552 I A       : getLocaleToModelSpecsMap
08-28 02:54:47.458 16506 16552 I A       : Using proto config with mendel
08-28 02:54:47.459 16506 16552 W SearchServiceCore: Abort, client detached.
08-28 02:54:47.498 20480 20480 D LifecycleMonitor: Lifecycle status change: androidx.test.core.app.InstrumentationActivityInvoker$EmptyActivity@875f9ae in: PRE_ON_CREATE
08-28 02:54:47.498 20480 20480 V ActivityScenario: Activity lifecycle changed event received but ignored because the intent does not match. startActivityIntent=Intent { act=android.intent.action.MAIN cat=[android.intent.category.LAUNCHER] cmp=com.example.dogglers/.GridListActivity }, activity.getIntent()=Intent { act=android.intent.action.MAIN cat=[android.intent.category.LAUNCHER] flg=0x10000000 cmp=com.example.dogglers/androidx.test.core.app.InstrumentationActivityInvoker$EmptyActivity }, activity=androidx.test.core.app.InstrumentationActivityInvoker$EmptyActivity@875f9ae
08-28 02:54:47.510 20480 20480 D LifecycleMonitor: Lifecycle status change: androidx.test.core.app.InstrumentationActivityInvoker$EmptyActivity@875f9ae in: CREATED
08-28 02:54:47.510 20480 20480 V ActivityScenario: Activity lifecycle changed event received but ignored because the intent does not match. startActivityIntent=Intent { act=android.intent.action.MAIN cat=[android.intent.category.LAUNCHER] cmp=com.example.dogglers/.GridListActivity }, activity.getIntent()=Intent { act=android.intent.action.MAIN cat=[android.intent.category.LAUNCHER] flg=0x10000000 cmp=com.example.dogglers/androidx.test.core.app.InstrumentationActivityInvoker$EmptyActivity }, activity=androidx.test.core.app.InstrumentationActivityInvoker$EmptyActivity@875f9ae
08-28 02:54:47.511 20480 20480 D LifecycleMonitor: Lifecycle status change: androidx.test.core.app.InstrumentationActivityInvoker$EmptyActivity@875f9ae in: STARTED
08-28 02:54:47.511 20480 20480 V ActivityScenario: Activity lifecycle changed event received but ignored because the intent does not match. startActivityIntent=Intent { act=android.intent.action.MAIN cat=[android.intent.category.LAUNCHER] cmp=com.example.dogglers/.GridListActivity }, activity.getIntent()=Intent { act=android.intent.action.MAIN cat=[android.intent.category.LAUNCHER] flg=0x10000000 cmp=com.example.dogglers/androidx.test.core.app.InstrumentationActivityInvoker$EmptyActivity }, activity=androidx.test.core.app.InstrumentationActivityInvoker$EmptyActivity@875f9ae
08-28 02:54:47.513 20480 20480 D LifecycleMonitor: Lifecycle status change: androidx.test.core.app.InstrumentationActivityInvoker$EmptyActivity@875f9ae in: RESUMED
08-28 02:54:47.513 20480 20480 V ActivityScenario: Activity lifecycle changed event received but ignored because the intent does not match. startActivityIntent=Intent { act=android.intent.action.MAIN cat=[android.intent.category.LAUNCHER] cmp=com.example.dogglers/.GridListActivity }, activity.getIntent()=Intent { act=android.intent.action.MAIN cat=[android.intent.category.LAUNCHER] flg=0x10000000 cmp=com.example.dogglers/androidx.test.core.app.InstrumentationActivityInvoker$EmptyActivity }, activity=androidx.test.core.app.InstrumentationActivityInvoker$EmptyActivity@875f9ae
08-28 02:54:47.531  1810  9329 D gralloc_ranchu: gralloc_alloc: Creating ashmem region of size 8298496
08-28 02:54:47.540  1810  9329 D gralloc_ranchu: gralloc_alloc: Creating ashmem region of size 8298496
08-28 02:54:47.542  1810  1810 D gralloc_ranchu: gralloc_alloc: Creating ashmem region of size 8298496
08-28 02:54:47.545 20480 20515 D EGL_emulation: eglMakeCurrent: 0xf4753440: ver 2 0 (tinfo 0xe95e6330)
08-28 02:54:47.557 20480 20515 D EGL_emulation: eglMakeCurrent: 0xf4753440: ver 2 0 (tinfo 0xe95e6330)
08-28 02:54:47.562  2044  2068 W InputReader: Device has associated, but no associated display id.
08-28 02:54:47.564  2044  2068 I chatty  : uid=1000(system) android.anim identical 18 lines
08-28 02:54:47.564  2044  2068 W InputReader: Device has associated, but no associated display id.
08-28 02:54:47.597 20480 20515 D EGL_emulation: eglMakeCurrent: 0xf4753440: ver 2 0 (tinfo 0xe95e6330)
08-28 02:54:47.606 20480 20515 D EGL_emulation: eglMakeCurrent: 0xf4753440: ver 2 0 (tinfo 0xe95e6330)
08-28 02:54:47.616 20480 20480 D LifecycleMonitor: Lifecycle status change: androidx.test.core.app.InstrumentationActivityInvoker$EmptyActivity@875f9ae in: PAUSED
08-28 02:54:47.616 20480 20480 V ActivityScenario: Activity lifecycle changed event received but ignored because the intent does not match. startActivityIntent=Intent { act=android.intent.action.MAIN cat=[android.intent.category.LAUNCHER] cmp=com.example.dogglers/.GridListActivity }, activity.getIntent()=Intent { act=android.intent.action.MAIN cat=[android.intent.category.LAUNCHER] flg=0x10000000 cmp=com.example.dogglers/androidx.test.core.app.InstrumentationActivityInvoker$EmptyActivity }, activity=androidx.test.core.app.InstrumentationActivityInvoker$EmptyActivity@875f9ae
08-28 02:54:47.617  2044  3034 W InputReader: Device has associated, but no associated display id.
08-28 02:54:47.622  2044  3034 I chatty  : uid=1000(system) Binder:2044_E identical 48 lines
08-28 02:54:47.622  2044  3034 W InputReader: Device has associated, but no associated display id.
08-28 02:54:47.625  2044  2056 I system_server: NativeAlloc concurrent copying GC freed 19506(1178KB) AllocSpace objects, 4(144KB) LOS objects, 26% free, 16MB/22MB, paused 622us total 206.822ms
08-28 02:54:47.627 20480 20480 D LifecycleMonitor: Lifecycle status change: androidx.test.core.app.InstrumentationActivityInvoker$BootstrapActivity@f3301e1 in: DESTROYED
08-28 02:54:47.627 20480 20480 V ActivityScenario: Activity lifecycle changed event received but ignored because the intent does not match. startActivityIntent=Intent { act=android.intent.action.MAIN cat=[android.intent.category.LAUNCHER] cmp=com.example.dogglers/.GridListActivity }, activity.getIntent()=Intent { act=android.intent.action.MAIN cat=[android.intent.category.LAUNCHER] flg=0x10008000 cmp=com.example.dogglers/androidx.test.core.app.InstrumentationActivityInvoker$BootstrapActivity (has extras) }, activity=androidx.test.core.app.InstrumentationActivityInvoker$BootstrapActivity@f3301e1
08-28 02:54:47.628 20480 20480 W ActivityThread: handleWindowVisibility: no activity for token android.os.BinderProxy@6e056b
08-28 02:54:47.633 20480 20480 D LifecycleMonitor: Lifecycle status change: androidx.test.core.app.InstrumentationActivityInvoker$EmptyActivity@4118c8 in: PRE_ON_CREATE
08-28 02:54:47.633 20480 20480 V ActivityScenario: Activity lifecycle changed event received but ignored because the intent does not match. startActivityIntent=Intent { act=android.intent.action.MAIN cat=[android.intent.category.LAUNCHER] cmp=com.example.dogglers/.GridListActivity }, activity.getIntent()=Intent { act=android.intent.action.MAIN cat=[android.intent.category.LAUNCHER] flg=0x10000000 cmp=com.example.dogglers/androidx.test.core.app.InstrumentationActivityInvoker$EmptyActivity }, activity=androidx.test.core.app.InstrumentationActivityInvoker$EmptyActivity@4118c8
08-28 02:54:47.643 20480 20480 D LifecycleMonitor: Lifecycle status change: androidx.test.core.app.InstrumentationActivityInvoker$EmptyActivity@4118c8 in: CREATED
08-28 02:54:47.643 20480 20480 V ActivityScenario: Activity lifecycle changed event received but ignored because the intent does not match. startActivityIntent=Intent { act=android.intent.action.MAIN cat=[android.intent.category.LAUNCHER] cmp=com.example.dogglers/.GridListActivity }, activity.getIntent()=Intent { act=android.intent.action.MAIN cat=[android.intent.category.LAUNCHER] flg=0x10000000 cmp=com.example.dogglers/androidx.test.core.app.InstrumentationActivityInvoker$EmptyActivity }, activity=androidx.test.core.app.InstrumentationActivityInvoker$EmptyActivity@4118c8
08-28 02:54:47.645 20480 20480 D LifecycleMonitor: Lifecycle status change: androidx.test.core.app.InstrumentationActivityInvoker$EmptyActivity@4118c8 in: STARTED
08-28 02:54:47.646 20480 20480 V ActivityScenario: Activity lifecycle changed event received but ignored because the intent does not match. startActivityIntent=Intent { act=android.intent.action.MAIN cat=[android.intent.category.LAUNCHER] cmp=com.example.dogglers/.GridListActivity }, activity.getIntent()=Intent { act=android.intent.action.MAIN cat=[android.intent.category.LAUNCHER] flg=0x10000000 cmp=com.example.dogglers/androidx.test.core.app.InstrumentationActivityInvoker$EmptyActivity }, activity=androidx.test.core.app.InstrumentationActivityInvoker$EmptyActivity@4118c8
08-28 02:54:47.647 20480 20480 D LifecycleMonitor: Lifecycle status change: androidx.test.core.app.InstrumentationActivityInvoker$EmptyActivity@4118c8 in: RESUMED
08-28 02:54:47.648 20480 20480 V ActivityScenario: Activity lifecycle changed event received but ignored because the intent does not match. startActivityIntent=Intent { act=android.intent.action.MAIN cat=[android.intent.category.LAUNCHER] cmp=com.example.dogglers/.GridListActivity }, activity.getIntent()=Intent { act=android.intent.action.MAIN cat=[android.intent.category.LAUNCHER] flg=0x10000000 cmp=com.example.dogglers/androidx.test.core.app.InstrumentationActivityInvoker$EmptyActivity }, activity=androidx.test.core.app.InstrumentationActivityInvoker$EmptyActivity@4118c8
08-28 02:54:47.654 20480 20480 D LifecycleMonitor: Lifecycle status change: com.example.dogglers.GridListActivity@bb6763 in: STOPPED
08-28 02:54:47.654 20480 20480 V ActivityScenario: Update currentActivityStage to STOPPED, currentActivity=com.example.dogglers.GridListActivity@bb6763
08-28 02:54:47.659 20480 20480 D LifecycleMonitor: Lifecycle status change: com.example.dogglers.GridListActivity@bb6763 in: DESTROYED
08-28 02:54:47.659 20480 20480 V ActivityScenario: Update currentActivityStage to DESTROYED, currentActivity=null
08-28 02:54:47.679  1810  1810 D gralloc_ranchu: gralloc_alloc: Creating ashmem region of size 8298496
08-28 02:54:47.690  1810  1810 I chatty  : uid=1000(system) allocator@2.0-s identical 1 line
08-28 02:54:47.696  1810  1810 D gralloc_ranchu: gralloc_alloc: Creating ashmem region of size 8298496
08-28 02:54:47.697 20480 20515 D EGL_emulation: eglMakeCurrent: 0xf4753440: ver 2 0 (tinfo 0xe95e6330)
08-28 02:54:47.709  2044  2068 W InputReader: Device has associated, but no associated display id.
08-28 02:54:47.711  2044  2068 I chatty  : uid=1000(system) android.anim identical 18 lines
08-28 02:54:47.711  2044  2068 W InputReader: Device has associated, but no associated display id.
08-28 02:54:47.723  2044  2723 W InputReader: Device has associated, but no associated display id.
08-28 02:54:47.724  2044  2723 I chatty  : uid=1000(system) Binder:2044_9 identical 8 lines
08-28 02:54:47.724  2044  2723 W InputReader: Device has associated, but no associated display id.
08-28 02:54:47.740 20480 20480 D LifecycleMonitor: Lifecycle status change: androidx.test.core.app.InstrumentationActivityInvoker$EmptyActivity@4118c8 in: PAUSED
08-28 02:54:47.740 20480 20480 V ActivityScenario: Activity lifecycle changed event received but ignored because the intent does not match. startActivityIntent=Intent { act=android.intent.action.MAIN cat=[android.intent.category.LAUNCHER] cmp=com.example.dogglers/.GridListActivity }, activity.getIntent()=Intent { act=android.intent.action.MAIN cat=[android.intent.category.LAUNCHER] flg=0x10000000 cmp=com.example.dogglers/androidx.test.core.app.InstrumentationActivityInvoker$EmptyActivity }, activity=androidx.test.core.app.InstrumentationActivityInvoker$EmptyActivity@4118c8
08-28 02:54:47.754  2044  2723 W InputReader: Device has associated, but no associated display id.
08-28 02:54:47.755  2044  2723 I chatty  : uid=1000(system) Binder:2044_9 identical 8 lines
08-28 02:54:47.755  2044  2723 W InputReader: Device has associated, but no associated display id.
08-28 02:54:47.761 20480 20480 D LifecycleMonitor: Lifecycle status change: androidx.test.core.app.InstrumentationActivityInvoker$EmptyActivity@875f9ae in: STOPPED
08-28 02:54:47.761 20480 20480 V ActivityScenario: Activity lifecycle changed event received but ignored because the intent does not match. startActivityIntent=Intent { act=android.intent.action.MAIN cat=[android.intent.category.LAUNCHER] cmp=com.example.dogglers/.GridListActivity }, activity.getIntent()=Intent { act=android.intent.action.MAIN cat=[android.intent.category.LAUNCHER] flg=0x10000000 cmp=com.example.dogglers/androidx.test.core.app.InstrumentationActivityInvoker$EmptyActivity }, activity=androidx.test.core.app.InstrumentationActivityInvoker$EmptyActivity@875f9ae
08-28 02:54:47.767 20480 20480 D LifecycleMonitor: Lifecycle status change: androidx.test.core.app.InstrumentationActivityInvoker$EmptyActivity@875f9ae in: DESTROYED
08-28 02:54:47.769 20480 20480 V ActivityScenario: Activity lifecycle changed event received but ignored because the intent does not match. startActivityIntent=Intent { act=android.intent.action.MAIN cat=[android.intent.category.LAUNCHER] cmp=com.example.dogglers/.GridListActivity }, activity.getIntent()=Intent { act=android.intent.action.MAIN cat=[android.intent.category.LAUNCHER] flg=0x10000000 cmp=com.example.dogglers/androidx.test.core.app.InstrumentationActivityInvoker$EmptyActivity }, activity=androidx.test.core.app.InstrumentationActivityInvoker$EmptyActivity@875f9ae
08-28 02:54:47.779 16506 16506 W A       : (REDACTED) Empty Doodle image. DarkMode: %b
08-28 02:54:47.787 20480 20513 I TestRunner: finished: grid_list_content_on_first_page(com.example.dogglers.GridListTests)
