08-28 02:54:44.323 20480 20513 I TestRunner: started: vertical_list_button_is_displayed(com.example.dogglers.ButtonTests)
08-28 02:54:44.331 20480 20513 W Settings: Setting always_finish_activities has moved from android.provider.Settings.System to android.provider.Settings.Global, returning read-only value.
08-28 02:54:44.403  1809  2432 E GnssHAL_GnssInterface: gnssSvStatusCb: a: input svInfo.flags is 8
08-28 02:54:44.404  1809  2432 E GnssHAL_GnssInterface: gnssSvStatusCb: b: input svInfo.flags is 8
08-28 02:54:44.405  2044  2962 W InputReader: Device has associated, but no associated display id.
08-28 02:54:44.409  2044  2962 I chatty  : uid=1000(system) Binder:2044_D identical 38 lines
08-28 02:54:44.409  2044  2962 W InputReader: Device has associated, but no associated display id.
08-28 02:54:44.411 20480 20480 W ActivityThread: handleWindowVisibility: no activity for token android.os.BinderProxy@787fa3a
08-28 02:54:44.412  1785  1932 W audio_hw_generic: Not supplying enough data to HAL, expected position 5265364 , only wrote 5250984
08-28 02:54:44.436  1810  9329 D gralloc_ranchu: gralloc_alloc: Creating ashmem region of size 8298496
08-28 02:54:44.452 20480 20480 D LifecycleMonitor: Lifecycle status change: androidx.test.core.app.InstrumentationActivityInvoker$BootstrapActivity@5ff66eb in: PRE_ON_CREATE
08-28 02:54:44.452 20480 20480 V ActivityScenario: Activity lifecycle changed event received but ignored because the intent does not match. startActivityIntent=Intent { act=android.intent.action.MAIN cat=[android.intent.category.LAUNCHER] cmp=com.example.dogglers/.MainActivity }, activity.getIntent()=Intent { act=android.intent.action.MAIN cat=[android.intent.category.LAUNCHER] flg=0x10008000 cmp=com.example.dogglers/androidx.test.core.app.InstrumentationActivityInvoker$BootstrapActivity (has extras) }, activity=androidx.test.core.app.InstrumentationActivityInvoker$BootstrapActivity@5ff66eb
08-28 02:54:44.458 20480 20480 D LifecycleMonitor: Lifecycle status change: androidx.test.core.app.InstrumentationActivityInvoker$BootstrapActivity@5ff66eb in: CREATED
08-28 02:54:44.458 20480 20480 V ActivityScenario: Activity lifecycle changed event received but ignored because the intent does not match. startActivityIntent=Intent { act=android.intent.action.MAIN cat=[android.intent.category.LAUNCHER] cmp=com.example.dogglers/.MainActivity }, activity.getIntent()=Intent { act=android.intent.action.MAIN cat=[android.intent.category.LAUNCHER] flg=0x10008000 cmp=com.example.dogglers/androidx.test.core.app.InstrumentationActivityInvoker$BootstrapActivity (has extras) }, activity=androidx.test.core.app.InstrumentationActivityInvoker$BootstrapActivity@5ff66eb
08-28 02:54:44.460 20480 20480 D LifecycleMonitor: Lifecycle status change: androidx.test.core.app.InstrumentationActivityInvoker$BootstrapActivity@5ff66eb in: STARTED
08-28 02:54:44.460 20480 20480 V ActivityScenario: Activity lifecycle changed event received but ignored because the intent does not match. startActivityIntent=Intent { act=android.intent.action.MAIN cat=[android.intent.category.LAUNCHER] cmp=com.example.dogglers/.MainActivity }, activity.getIntent()=Intent { act=android.intent.action.MAIN cat=[android.intent.category.LAUNCHER] flg=0x10008000 cmp=com.example.dogglers/androidx.test.core.app.InstrumentationActivityInvoker$BootstrapActivity (has extras) }, activity=androidx.test.core.app.InstrumentationActivityInvoker$BootstrapActivity@5ff66eb
08-28 02:54:44.465 20480 20480 D LifecycleMonitor: Lifecycle status change: androidx.test.core.app.InstrumentationActivityInvoker$BootstrapActivity@5ff66eb in: RESUMED
08-28 02:54:44.466 20480 20480 V ActivityScenario: Activity lifecycle changed event received but ignored because the intent does not match. startActivityIntent=Intent { act=android.intent.action.MAIN cat=[android.intent.category.LAUNCHER] cmp=com.example.dogglers/.MainActivity }, activity.getIntent()=Intent { act=android.intent.action.MAIN cat=[android.intent.category.LAUNCHER] flg=0x10008000 cmp=com.example.dogglers/androidx.test.core.app.InstrumentationActivityInvoker$BootstrapActivity (has extras) }, activity=androidx.test.core.app.InstrumentationActivityInvoker$BootstrapActivity@5ff66eb
08-28 02:54:44.478 20480 20480 D LifecycleMonitor: Lifecycle status change: androidx.test.core.app.InstrumentationActivityInvoker$BootstrapActivity@5ff66eb in: PAUSED
08-28 02:54:44.479 20480 20480 V ActivityScenario: Activity lifecycle changed event received but ignored because the intent does not match. startActivityIntent=Intent { act=android.intent.action.MAIN cat=[android.intent.category.LAUNCHER] cmp=com.example.dogglers/.MainActivity }, activity.getIntent()=Intent { act=android.intent.action.MAIN cat=[android.intent.category.LAUNCHER] flg=0x10008000 cmp=com.example.dogglers/androidx.test.core.app.InstrumentationActivityInvoker$BootstrapActivity (has extras) }, activity=androidx.test.core.app.InstrumentationActivityInvoker$BootstrapActivity@5ff66eb
08-28 02:54:44.479  2044  2342 W InputReader: Device has associated, but no associated display id.
08-28 02:54:44.486  2044  2342 I chatty  : uid=1000(system) Binder:2044_5 identical 58 lines
08-28 02:54:44.486  2044  2342 W InputReader: Device has associated, but no associated display id.
08-28 02:54:44.490  2044  9861 D HostConnection: HostConnection::get() New Host Connection established 0xe153e580, tid 9861
08-28 02:54:44.490  2044  9861 D HostConnection: HostComposition ext ANDROID_EMU_CHECKSUM_HELPER_v1 ANDROID_EMU_dma_v1 ANDROID_EMU_direct_mem ANDROID_EMU_host_composition_v1 ANDROID_EMU_host_composition_v2 ANDROID_EMU_vulkan ANDROID_EMU_deferred_vulkan_commands ANDROID_EMU_vulkan_null_optional_strings ANDROID_EMU_vulkan_create_resources_with_requirements ANDROID_EMU_YUV420_888_to_NV21 ANDROID_EMU_YUV_Cache ANDROID_EMU_vulkan_free_memory_sync ANDROID_EMU_vulkan_shader_float16_int8 ANDROID_EMU_vulkan_async_queue_submit ANDROID_EMU_sync_buffer_data GL_OES_vertex_array_object GL_KHR_texture_compression_astc_ldr ANDROID_EMU_host_side_tracing ANDROID_EMU_gles_max_version_2
08-28 02:54:44.491 20480 20480 W ActivityThread: handleWindowVisibility: no activity for token android.os.BinderProxy@43caae1
08-28 02:54:44.491  2044  9861 W OpenGLRenderer: Failed to choose config with EGL_SWAP_BEHAVIOR_PRESERVED, retrying without...
08-28 02:54:44.498 16506 16552 I MicroDetectionState: (REDACTED) Should stop hotword detection immediately - %b
08-28 02:54:44.504  2044  9861 D eglCodecCommon: setVertexArrayObject: set vao to 0 (0) 0 0
08-28 02:54:44.504  2044  9861 D EGL_emulation: eglCreateContext: 0xb92357c0: maj 2 min 0 rcv 2
08-28 02:54:44.505  2727  3333 D EGL_emulation: eglMakeCurrent: 0xe151a960: ver 2 0 (tinfo 0xe150fc20)
08-28 02:54:44.505 16506 16552 I A       : getLocaleToModelSpecsMap
08-28 02:54:44.507 16506 16552 I A       : Using proto config with mendel
08-28 02:54:44.507 20480 20480 D LifecycleMonitor: Lifecycle status change: com.example.dogglers.MainActivity@678141d in: PRE_ON_CREATE
08-28 02:54:44.508 20480 20480 V ActivityScenario: Activity lifecycle changed event received but ignored because the reported transition was not ON_CREATE while the last known transition was PRE_ON_CREATE
08-28 02:54:44.516 16506 16552 I A       : getLocaleToModelSpecsMap
08-28 02:54:44.517 16506 16552 I A       : Using proto config with mendel
08-28 02:54:44.543  2044  9861 D EGL_emulation: eglMakeCurrent: 0xb92357c0: ver 2 0 (tinfo 0xc4bb7cb0)
08-28 02:54:44.543 16506 17157 D EGL_emulation: eglMakeCurrent: 0xe151a120: ver 2 0 (tinfo 0xe150f1f0)
08-28 02:54:44.554  2234  2490 D EGL_emulation: eglMakeCurrent: 0xe95a2080: ver 2 0 (tinfo 0xc7dd27b0)
08-28 02:54:44.568  2234  2490 D EGL_emulation: eglMakeCurrent: 0xe95a2080: ver 2 0 (tinfo 0xc7dd27b0)
08-28 02:54:44.569  2044  9861 D eglCodecCommon: setVertexArrayObject: set vao to 0 (0) 1 0
08-28 02:54:44.593  2234  2490 D EGL_emulation: eglMakeCurrent: 0xe95a2080: ver 2 0 (tinfo 0xc7dd27b0)
08-28 02:54:44.597 16506 20341 I PBSessionCacheImpl: (REDACTED) Deleted sessionId[%d] from persistence.
08-28 02:54:44.617  2234  2490 D EGL_emulation: eglMakeCurrent: 0xe95a2080: ver 2 0 (tinfo 0xc7dd27b0)
08-28 02:54:44.629 20480 20480 D LifecycleMonitor: Lifecycle status change: com.example.dogglers.MainActivity@678141d in: CREATED
08-28 02:54:44.630 20480 20480 V ActivityScenario: Update currentActivityStage to CREATED, currentActivity=com.example.dogglers.MainActivity@678141d
08-28 02:54:44.637 20480 20480 D LifecycleMonitor: Lifecycle status change: com.example.dogglers.MainActivity@678141d in: STARTED
08-28 02:54:44.638 20480 20480 V ActivityScenario: Update currentActivityStage to STARTED, currentActivity=com.example.dogglers.MainActivity@678141d
08-28 02:54:44.639 16506 16552 I A       : getLocaleToModelSpecsMap
08-28 02:54:44.639 16506 16552 I A       : Using proto config with mendel
08-28 02:54:44.639 16506 16552 I A       : getLocaleToModelSpecsMap
08-28 02:54:44.639 20480 20480 D LifecycleMonitor: Lifecycle status change: com.example.dogglers.MainActivity@678141d in: RESUMED
08-28 02:54:44.639 16506 16552 I A       : Using proto config with mendel
08-28 02:54:44.639 20480 20480 V ActivityScenario: Update currentActivityStage to RESUMED, currentActivity=com.example.dogglers.MainActivity@678141d
08-28 02:54:44.639 16506 16552 W SearchServiceCore: Abort, client detached.
08-28 02:54:44.643  2234  2490 D EGL_emulation: eglMakeCurrent: 0xe95a2080: ver 2 0 (tinfo 0xc7dd27b0)
08-28 02:54:44.656  2234  2490 D EGL_emulation: eglMakeCurrent: 0xe95a2080: ver 2 0 (tinfo 0xc7dd27b0)
08-28 02:54:44.659 20480 20480 D LifecycleMonitor: Lifecycle status change: androidx.test.core.app.InstrumentationActivityInvoker$BootstrapActivity@5ff66eb in: STOPPED
08-28 02:54:44.659 20480 20480 V ActivityScenario: Activity lifecycle changed event received but ignored because the intent does not match. startActivityIntent=Intent { act=android.intent.action.MAIN cat=[android.intent.category.LAUNCHER] cmp=com.example.dogglers/.MainActivity }, activity.getIntent()=Intent { act=android.intent.action.MAIN cat=[android.intent.category.LAUNCHER] flg=0x10008000 cmp=com.example.dogglers/androidx.test.core.app.InstrumentationActivityInvoker$BootstrapActivity (has extras) }, activity=androidx.test.core.app.InstrumentationActivityInvoker$BootstrapActivity@5ff66eb
08-28 02:54:44.675  2234  2490 D EGL_emulation: eglMakeCurrent: 0xe95a2080: ver 2 0 (tinfo 0xc7dd27b0)
08-28 02:54:44.679  2234  2490 I chatty  : uid=10102(com.android.systemui) RenderThread identical 1 line
08-28 02:54:44.692  2234  2490 D EGL_emulation: eglMakeCurrent: 0xe95a2080: ver 2 0 (tinfo 0xc7dd27b0)
08-28 02:54:44.697  1810  9329 D gralloc_ranchu: gralloc_alloc: Creating ashmem region of size 8298496
08-28 02:54:44.712  2234  2490 D EGL_emulation: eglMakeCurrent: 0xe95a2080: ver 2 0 (tinfo 0xc7dd27b0)
08-28 02:54:44.721  1810  9329 D gralloc_ranchu: gralloc_alloc: Creating ashmem region of size 8298496
08-28 02:54:44.725  1810  9329 D gralloc_ranchu: gralloc_alloc: Creating ashmem region of size 8298496
08-28 02:54:44.739 20480 20515 D EGL_emulation: eglMakeCurrent: 0xf4753440: ver 2 0 (tinfo 0xe95e6330)
08-28 02:54:44.775  2044  2056 I system_server: NativeAlloc concurrent copying GC freed 31907(1718KB) AllocSpace objects, 8(304KB) LOS objects, 27% free, 16MB/22MB, paused 584us total 162.448ms
08-28 02:54:44.785  2044  2073 I ActivityTaskManager: Displayed com.example.dogglers/.MainActivity: +425ms
08-28 02:54:44.803 20480 20480 I ViewInteraction: Checking 'MatchesViewAssertion{viewMatcher=(view has effective visibility <VISIBLE> and view.getGlobalVisibleRect() to return non-empty rectangle)}' assertion on view view.getId() is <2131231204/com.example.dogglers:id/vertical_btn>
08-28 02:54:44.836 20480 20480 D LifecycleMonitor: Lifecycle status change: com.example.dogglers.MainActivity@678141d in: PAUSED
08-28 02:54:44.837 20480 20480 V ActivityScenario: Update currentActivityStage to PAUSED, currentActivity=com.example.dogglers.MainActivity@678141d
08-28 02:54:44.837  2044  2342 W InputReader: Device has associated, but no associated display id.
08-28 02:54:44.843  2044  2342 I chatty  : uid=1000(system) Binder:2044_5 identical 48 lines
08-28 02:54:44.843  2044  2342 W InputReader: Device has associated, but no associated display id.
08-28 02:54:44.854 20480 20480 W ActivityThread: handleWindowVisibility: no activity for token android.os.BinderProxy@d51a68b
08-28 02:54:44.860 20480 20480 D LifecycleMonitor: Lifecycle status change: androidx.test.core.app.InstrumentationActivityInvoker$EmptyActivity@7047368 in: PRE_ON_CREATE
08-28 02:54:44.860 20480 20494 I xample.doggler: NativeAlloc concurrent copying GC freed 35880(1890KB) AllocSpace objects, 0(0B) LOS objects, 49% free, 4223KB/8447KB, paused 680us total 132.037ms
08-28 02:54:44.861 20480 20480 V ActivityScenario: Activity lifecycle changed event received but ignored because the intent does not match. startActivityIntent=Intent { act=android.intent.action.MAIN cat=[android.intent.category.LAUNCHER] cmp=com.example.dogglers/.MainActivity }, activity.getIntent()=Intent { act=android.intent.action.MAIN cat=[android.intent.category.LAUNCHER] flg=0x10000000 cmp=com.example.dogglers/androidx.test.core.app.InstrumentationActivityInvoker$EmptyActivity }, activity=androidx.test.core.app.InstrumentationActivityInvoker$EmptyActivity@7047368
08-28 02:54:44.875 20480 20480 D LifecycleMonitor: Lifecycle status change: androidx.test.core.app.InstrumentationActivityInvoker$EmptyActivity@7047368 in: CREATED
08-28 02:54:44.875 20480 20480 V ActivityScenario: Activity lifecycle changed event received but ignored because the intent does not match. startActivityIntent=Intent { act=android.intent.action.MAIN cat=[android.intent.category.LAUNCHER] cmp=com.example.dogglers/.MainActivity }, activity.getIntent()=Intent { act=android.intent.action.MAIN cat=[android.intent.category.LAUNCHER] flg=0x10000000 cmp=com.example.dogglers/androidx.test.core.app.InstrumentationActivityInvoker$EmptyActivity }, activity=androidx.test.core.app.InstrumentationActivityInvoker$EmptyActivity@7047368
08-28 02:54:44.877 20480 20480 D LifecycleMonitor: Lifecycle status change: androidx.test.core.app.InstrumentationActivityInvoker$EmptyActivity@7047368 in: STARTED
08-28 02:54:44.878 20480 20480 V ActivityScenario: Activity lifecycle changed event received but ignored because the intent does not match. startActivityIntent=Intent { act=android.intent.action.MAIN cat=[android.intent.category.LAUNCHER] cmp=com.example.dogglers/.MainActivity }, activity.getIntent()=Intent { act=android.intent.action.MAIN cat=[android.intent.category.LAUNCHER] flg=0x10000000 cmp=com.example.dogglers/androidx.test.core.app.InstrumentationActivityInvoker$EmptyActivity }, activity=androidx.test.core.app.InstrumentationActivityInvoker$EmptyActivity@7047368
08-28 02:54:44.881 20480 20480 D LifecycleMonitor: Lifecycle status change: androidx.test.core.app.InstrumentationActivityInvoker$EmptyActivity@7047368 in: RESUMED
08-28 02:54:44.881 20480 20480 V ActivityScenario: Activity lifecycle changed event received but ignored because the intent does not match. startActivityIntent=Intent { act=android.intent.action.MAIN cat=[android.intent.category.LAUNCHER] cmp=com.example.dogglers/.MainActivity }, activity.getIntent()=Intent { act=android.intent.action.MAIN cat=[android.intent.category.LAUNCHER] flg=0x10000000 cmp=com.example.dogglers/androidx.test.core.app.InstrumentationActivityInvoker$EmptyActivity }, activity=androidx.test.core.app.InstrumentationActivityInvoker$EmptyActivity@7047368
08-28 02:54:44.906  1810  9329 D gralloc_ranchu: gralloc_alloc: Creating ashmem region of size 8298496
08-28 02:54:44.910  1810  9329 I chatty  : uid=1000(system) HwBinder:1810_3 identical 1 line
08-28 02:54:44.912  1810  9329 D gralloc_ranchu: gralloc_alloc: Creating ashmem region of size 8298496
08-28 02:54:44.913 20480 20515 D EGL_emulation: eglMakeCurrent: 0xf4753440: ver 2 0 (tinfo 0xe95e6330)
08-28 02:54:44.928 20480 20515 D EGL_emulation: eglMakeCurrent: 0xf4753440: ver 2 0 (tinfo 0xe95e6330)
08-28 02:54:44.932  2044  2068 W InputReader: Device has associated, but no associated display id.
08-28 02:54:44.933  2044  2068 I chatty  : uid=1000(system) android.anim identical 18 lines
08-28 02:54:44.933  2044  2068 W InputReader: Device has associated, but no associated display id.
08-28 02:54:44.954 20480 20515 D EGL_emulation: eglMakeCurrent: 0xf4753440: ver 2 0 (tinfo 0xe95e6330)
08-28 02:54:44.966 20480 20515 D EGL_emulation: eglMakeCurrent: 0xf4753440: ver 2 0 (tinfo 0xe95e6330)
08-28 02:54:44.977 20480 20480 D LifecycleMonitor: Lifecycle status change: androidx.test.core.app.InstrumentationActivityInvoker$EmptyActivity@7047368 in: PAUSED
08-28 02:54:44.978 20480 20480 V ActivityScenario: Activity lifecycle changed event received but ignored because the intent does not match. startActivityIntent=Intent { act=android.intent.action.MAIN cat=[android.intent.category.LAUNCHER] cmp=com.example.dogglers/.MainActivity }, activity.getIntent()=Intent { act=android.intent.action.MAIN cat=[android.intent.category.LAUNCHER] flg=0x10000000 cmp=com.example.dogglers/androidx.test.core.app.InstrumentationActivityInvoker$EmptyActivity }, activity=androidx.test.core.app.InstrumentationActivityInvoker$EmptyActivity@7047368
08-28 02:54:44.979  2044  4148 W InputReader: Device has associated, but no associated display id.
08-28 02:54:44.983  2044  4148 I chatty  : uid=1000(system) Binder:2044_1D identical 48 lines
08-28 02:54:44.983  2044  4148 W InputReader: Device has associated, but no associated display id.
08-28 02:54:44.986 20480 20480 D LifecycleMonitor: Lifecycle status change: androidx.test.core.app.InstrumentationActivityInvoker$BootstrapActivity@5ff66eb in: DESTROYED
08-28 02:54:44.987 20480 20480 V ActivityScenario: Activity lifecycle changed event received but ignored because the intent does not match. startActivityIntent=Intent { act=android.intent.action.MAIN cat=[android.intent.category.LAUNCHER] cmp=com.example.dogglers/.MainActivity }, activity.getIntent()=Intent { act=android.intent.action.MAIN cat=[android.intent.category.LAUNCHER] flg=0x10008000 cmp=com.example.dogglers/androidx.test.core.app.InstrumentationActivityInvoker$BootstrapActivity (has extras) }, activity=androidx.test.core.app.InstrumentationActivityInvoker$BootstrapActivity@5ff66eb
08-28 02:54:44.987 20480 20480 W ActivityThread: handleWindowVisibility: no activity for token android.os.BinderProxy@69756bd
08-28 02:54:44.998 20480 20480 D LifecycleMonitor: Lifecycle status change: androidx.test.core.app.InstrumentationActivityInvoker$EmptyActivity@e0bb4b2 in: PRE_ON_CREATE
08-28 02:54:44.999 20480 20480 V ActivityScenario: Activity lifecycle changed event received but ignored because the intent does not match. startActivityIntent=Intent { act=android.intent.action.MAIN cat=[android.intent.category.LAUNCHER] cmp=com.example.dogglers/.MainActivity }, activity.getIntent()=Intent { act=android.intent.action.MAIN cat=[android.intent.category.LAUNCHER] flg=0x10000000 cmp=com.example.dogglers/androidx.test.core.app.InstrumentationActivityInvoker$EmptyActivity }, activity=androidx.test.core.app.InstrumentationActivityInvoker$EmptyActivity@e0bb4b2
08-28 02:54:45.004 20480 20480 D LifecycleMonitor: Lifecycle status change: androidx.test.core.app.InstrumentationActivityInvoker$EmptyActivity@e0bb4b2 in: CREATED
08-28 02:54:45.004 20480 20480 V ActivityScenario: Activity lifecycle changed event received but ignored because the intent does not match. startActivityIntent=Intent { act=android.intent.action.MAIN cat=[android.intent.category.LAUNCHER] cmp=com.example.dogglers/.MainActivity }, activity.getIntent()=Intent { act=android.intent.action.MAIN cat=[android.intent.category.LAUNCHER] flg=0x10000000 cmp=com.example.dogglers/androidx.test.core.app.InstrumentationActivityInvoker$EmptyActivity }, activity=androidx.test.core.app.InstrumentationActivityInvoker$EmptyActivity@e0bb4b2
08-28 02:54:45.006 20480 20480 D LifecycleMonitor: Lifecycle status change: androidx.test.core.app.InstrumentationActivityInvoker$EmptyActivity@e0bb4b2 in: STARTED
08-28 02:54:45.006 20480 20480 V ActivityScenario: Activity lifecycle changed event received but ignored because the intent does not match. startActivityIntent=Intent { act=android.intent.action.MAIN cat=[android.intent.category.LAUNCHER] cmp=com.example.dogglers/.MainActivity }, activity.getIntent()=Intent { act=android.intent.action.MAIN cat=[android.intent.category.LAUNCHER] flg=0x10000000 cmp=com.example.dogglers/androidx.test.core.app.InstrumentationActivityInvoker$EmptyActivity }, activity=androidx.test.core.app.InstrumentationActivityInvoker$EmptyActivity@e0bb4b2
08-28 02:54:45.012 20480 20480 D LifecycleMonitor: Lifecycle status change: androidx.test.core.app.InstrumentationActivityInvoker$EmptyActivity@e0bb4b2 in: RESUMED
08-28 02:54:45.012 20480 20480 V ActivityScenario: Activity lifecycle changed event received but ignored because the intent does not match. startActivityIntent=Intent { act=android.intent.action.MAIN cat=[android.intent.category.LAUNCHER] cmp=com.example.dogglers/.MainActivity }, activity.getIntent()=Intent { act=android.intent.action.MAIN cat=[android.intent.category.LAUNCHER] flg=0x10000000 cmp=com.example.dogglers/androidx.test.core.app.InstrumentationActivityInvoker$EmptyActivity }, activity=androidx.test.core.app.InstrumentationActivityInvoker$EmptyActivity@e0bb4b2
08-28 02:54:45.021 20480 20480 D LifecycleMonitor: Lifecycle status change: com.example.dogglers.MainActivity@678141d in: STOPPED
08-28 02:54:45.021 20480 20480 V ActivityScenario: Update currentActivityStage to STOPPED, currentActivity=com.example.dogglers.MainActivity@678141d
08-28 02:54:45.022 20480 20480 D LifecycleMonitor: Lifecycle status change: com.example.dogglers.MainActivity@678141d in: DESTROYED
08-28 02:54:45.023 20480 20480 V ActivityScenario: Update currentActivityStage to DESTROYED, currentActivity=null
08-28 02:54:45.041  1810  9329 D gralloc_ranchu: gralloc_alloc: Creating ashmem region of size 8298496
08-28 02:54:45.053  1810  9329 D gralloc_ranchu: gralloc_alloc: Creating ashmem region of size 8298496
08-28 02:54:45.055  1810  1810 D gralloc_ranchu: gralloc_alloc: Creating ashmem region of size 8298496
08-28 02:54:45.056 20480 20515 D EGL_emulation: eglMakeCurrent: 0xf4753440: ver 2 0 (tinfo 0xe95e6330)
08-28 02:54:45.069  2044  2068 W InputReader: Device has associated, but no associated display id.
08-28 02:54:45.070  2044  2068 I chatty  : uid=1000(system) android.anim identical 18 lines
08-28 02:54:45.070  2044  2068 W InputReader: Device has associated, but no associated display id.
08-28 02:54:45.093  2044  3673 W InputReader: Device has associated, but no associated display id.
08-28 02:54:45.094  2044  3673 I chatty  : uid=1000(system) Binder:2044_19 identical 8 lines
08-28 02:54:45.094  2044  3673 W InputReader: Device has associated, but no associated display id.
08-28 02:54:45.103 20480 20480 D LifecycleMonitor: Lifecycle status change: androidx.test.core.app.InstrumentationActivityInvoker$EmptyActivity@e0bb4b2 in: PAUSED
08-28 02:54:45.104 20480 20480 V ActivityScenario: Activity lifecycle changed event received but ignored because the intent does not match. startActivityIntent=Intent { act=android.intent.action.MAIN cat=[android.intent.category.LAUNCHER] cmp=com.example.dogglers/.MainActivity }, activity.getIntent()=Intent { act=android.intent.action.MAIN cat=[android.intent.category.LAUNCHER] flg=0x10000000 cmp=com.example.dogglers/androidx.test.core.app.InstrumentationActivityInvoker$EmptyActivity }, activity=androidx.test.core.app.InstrumentationActivityInvoker$EmptyActivity@e0bb4b2
08-28 02:54:45.107  2044  3673 W InputReader: Device has associated, but no associated display id.
08-28 02:54:45.107  2044  3673 I chatty  : uid=1000(system) Binder:2044_19 identical 8 lines
08-28 02:54:45.107  2044  3673 W InputReader: Device has associated, but no associated display id.
08-28 02:54:45.109 20480 20513 I TestRunner: finished: vertical_list_button_is_displayed(com.example.dogglers.ButtonTests)
